dbpedia\api\model\Window.class
dbpedia\api\model\AbstractSemanticVersion.class
dbpedia\api\factory\EntityRequestQueryFactory.class
dbpedia\api\model\EntityRequestModel.class
dbpedia\api\Start.class
dbpedia\api\configuration\Configuration.class
dbpedia\api\model\UserModel$userType.class
dbpedia\api\versioning\VersionHandler.class
dbpedia\api\model\RequestModel$Style.class
dbpedia\api\controller\RequestHandlerImplementation.class
dbpedia\api\model\ValueRequestModel.class
dbpedia\api\model\EntityRequestModel$1.class
dbpedia\api\controller\Controller.class
dbpedia\api\model\ResourceModel$1.class
dbpedia\api\versioning\SemanticVersionSet$Builder.class
dbpedia\api\model\ApiVersion.class
dbpedia\api\versioning\VersionLoader.class
dbpedia\api\configuration\InfoController.class
dbpedia\api\model\RequestModel.class
dbpedia\api\model\Filter.class
dbpedia\api\model\ResultSetWrapper.class
dbpedia\api\configuration\SwaggerConf.class
dbpedia\api\factory\ValueRequestQueryFactory.class
dbpedia\api\model\UserModel.class
dbpedia\api\versioning\VersionNotFoundException.class
dbpedia\api\model\LogDataModel.class
dbpedia\api\model\ValueRequestModel$Builder.class
dbpedia\api\controller\RequestHandler.class
dbpedia\api\model\ValueRequestModel$1.class
dbpedia\api\model\Filter$Builder.class
dbpedia\api\model\RequestModel$ReturnFormat.class
dbpedia\api\controller\LimitExceededException.class
dbpedia\api\controller\InvalidUserkeyException.class
dbpedia\api\factory\DBpediaQueryFactory.class
dbpedia\api\model\Filter$Bool.class
dbpedia\api\controller\DBpediaClient.class
dbpedia\api\model\Filter$1.class
dbpedia\api\model\RequestModel$AbstractBuilder.class
dbpedia\api\controller\RequestHandlerImplementation$1.class
dbpedia\api\factory\EntityRequestQueryFactory$1.class
dbpedia\api\versioning\SemanticVersionSet.class
dbpedia\api\model\ResourceModel.class
dbpedia\api\versioning\SemanticVersionSet$1.class
dbpedia\api\model\EntityRequestModel$Builder.class
dbpedia\api\controller\APIKeyHandler.class
dbpedia\api\model\ResourceModel$Builder.class
