C:\Users\Pedro\git\dbpedia-rest-api\src\main\java\dbpedia\api\controller\RequestHandler.java
C:\Users\Pedro\git\dbpedia-rest-api\src\main\java\dbpedia\api\factory\ValueRequestQueryFactory.java
C:\Users\Pedro\git\dbpedia-rest-api\src\main\java\dbpedia\api\model\ResultSetWrapper.java
C:\Users\Pedro\git\dbpedia-rest-api\src\main\java\dbpedia\api\controller\DBpediaClient.java
C:\Users\Pedro\git\dbpedia-rest-api\src\main\java\dbpedia\api\model\ValueRequestModel.java
C:\Users\Pedro\git\dbpedia-rest-api\src\main\java\dbpedia\api\configuration\SwaggerConf.java
C:\Users\Pedro\git\dbpedia-rest-api\src\main\java\dbpedia\api\factory\DBpediaQueryFactory.java
C:\Users\Pedro\git\dbpedia-rest-api\src\main\java\dbpedia\api\model\ResourceModel.java
C:\Users\Pedro\git\dbpedia-rest-api\src\main\java\dbpedia\api\controller\InvalidUserkeyException.java
C:\Users\Pedro\git\dbpedia-rest-api\src\main\java\dbpedia\api\model\Filter.java
C:\Users\Pedro\git\dbpedia-rest-api\src\main\java\dbpedia\api\controller\APIKeyHandler.java
C:\Users\Pedro\git\dbpedia-rest-api\src\main\java\dbpedia\api\versioning\VersionHandler.java
C:\Users\Pedro\git\dbpedia-rest-api\src\main\java\dbpedia\api\model\ApiVersion.java
C:\Users\Pedro\git\dbpedia-rest-api\src\main\java\dbpedia\api\model\Window.java
C:\Users\Pedro\git\dbpedia-rest-api\src\main\java\dbpedia\api\configuration\Configuration.java
C:\Users\Pedro\git\dbpedia-rest-api\src\main\java\dbpedia\api\Start.java
C:\Users\Pedro\git\dbpedia-rest-api\src\main\java\dbpedia\api\versioning\SemanticVersionSet.java
C:\Users\Pedro\git\dbpedia-rest-api\src\main\java\dbpedia\api\model\AbstractSemanticVersion.java
C:\Users\Pedro\git\dbpedia-rest-api\src\main\java\dbpedia\api\model\RequestModel.java
C:\Users\Pedro\git\dbpedia-rest-api\src\main\java\dbpedia\api\controller\Controller.java
C:\Users\Pedro\git\dbpedia-rest-api\src\main\java\dbpedia\api\model\EntityRequestModel.java
C:\Users\Pedro\git\dbpedia-rest-api\src\main\java\dbpedia\api\configuration\InfoController.java
C:\Users\Pedro\git\dbpedia-rest-api\src\main\java\dbpedia\api\controller\LimitExceededException.java
C:\Users\Pedro\git\dbpedia-rest-api\src\main\java\dbpedia\api\model\LogDataModel.java
C:\Users\Pedro\git\dbpedia-rest-api\src\main\java\dbpedia\api\versioning\VersionLoader.java
C:\Users\Pedro\git\dbpedia-rest-api\src\main\java\dbpedia\api\controller\RequestHandlerImplementation.java
C:\Users\Pedro\git\dbpedia-rest-api\src\main\java\dbpedia\api\versioning\VersionNotFoundException.java
C:\Users\Pedro\git\dbpedia-rest-api\src\main\java\dbpedia\api\factory\EntityRequestQueryFactory.java
C:\Users\Pedro\git\dbpedia-rest-api\src\main\java\dbpedia\api\model\UserModel.java
